# SPDX-License-Identifier: BSD-3-Clause
# Copyright 2019-2020, Intel Corporation
#
#
# src/libpmemkv.map -- linker map file for libpmemkv
#
LIBPMEMKV_1.0 {
	global:
		pmemkv_close;
		pmemkv_config_delete;
		pmemkv_config_get_data;
		pmemkv_config_get_int64;
		pmemkv_config_get_object;
		pmemkv_config_get_string;
		pmemkv_config_get_uint64;
		pmemkv_config_new;
		pmemkv_config_put_data;
		pmemkv_config_put_int64;
		pmemkv_config_put_object;
		pmemkv_config_put_object_cb;
		pmemkv_config_put_string;
		pmemkv_config_put_uint64;
		pmemkv_comparator_new;
		pmemkv_comparator_delete;
		pmemkv_count_above;
		pmemkv_count_all;
		pmemkv_count_below;
		pmemkv_count_between;
		pmemkv_count_equal_above;
		pmemkv_count_equal_below;
		pmemkv_defrag;
		pmemkv_errormsg;
		pmemkv_exists;
		pmemkv_get;
		pmemkv_get_above;
		pmemkv_get_all;
		pmemkv_get_below;
		pmemkv_get_between;
		pmemkv_get_copy;
		pmemkv_get_equal_above;
		pmemkv_get_equal_below;
		pmemkv_open;
		pmemkv_put;
		pmemkv_remove;
		pmemkv_update;
	local:
		*;
};
